C51 COMPILER V9.60.0.0   TP6_BSE_LIB_CONFIG_GLOBALE                                        12/20/2022 12:00:22 PAGE 1   


C51 COMPILER V9.60.0.0, COMPILATION OF MODULE TP6_BSE_LIB_CONFIG_GLOBALE
OBJECT MODULE PLACED IN TP6_BSE_Lib_Config_Globale.OBJ
COMPILER INVOKED BY: C:\Keil_v5\C51\BIN\C51.EXE TP6_BSE_Lib_Config_Globale.c WARNINGLEVEL(0) OPTIMIZE(0,SPEED) BROWSE DE
                    -BUG OBJECTEXTEND TABS(2)

line level    source

   1          #include "C8051F020.h"
   2          #include "c8051F020_SFR16.h"
   3          #include "TP6_BSE_Lib_Config_Globale.h"
   4          
   5          // Peripheral specific initialization functions,
   6          // Called from the Init_Device() function
   7          
   8          //-----------------------------------------------------------------------------
   9          // Dévalidation du watchdog
  10          //-----------------------------------------------------------------------------
  11          void Reset_Sources_Init()
  12          {
  13   1        // La configuration des registres WDTCN  sera étudiée plus tard
  14   1         WDTCN = 0xDE;
  15   1         WDTCN = 0XAD;
  16   1      }
  17          
  18          //-----------------------------------------------------------------------------
  19          // Configuration des Ports d'entrée-sorties
  20          //-----------------------------------------------------------------------------
  21          
  22          void Port_IO_Init()
  23          {
  24   1          // P0.0  -  TX0 (UART0)
  25   1          // P0.1  -  RX0 (UART0)
  26   1          // P0.2  -  INT0 (Tmr0)
  27   1          // P0.3  -  INT1 (Tmr1)
  28   1          // P0.4  -  T2 (Timer2)
  29   1          // P0.5  -  T2EX (Tmr2)
  30   1          // P0.6  -  T4 (Timer4)
  31   1          // P0.7  -  T4EX (Tmr4)
  32   1          // P1.0  -  SYSCLK
  33   1      
  34   1          // P1.2  to P7.7 - Mode GPIO par défaut 
  35   1       
  36   1          XBR0      = 0x04; 
  37   1          XBR1      = 0xF4; 
  38   1          XBR2      = 0x58; 
  39   1      
  40   1      // Config pour LED
  41   1          P1MDOUT |= (1<<6);  // P1.6  en Push Pull
  42   1      // Config pour gestion bouton poussoir
  43   1             P3 |= (1<<7); // Mise à 1 de P3.7
  44   1             P3MDOUT &= ~(1<<7); // P3.7 en Drain ouvert
  45   1      // Config pour drapeaux matériels d'interruption  
  46   1      // drapeau INT7 P2.4
  47   1              P2MDOUT |= (1<<4);  // P2.4 en Push Pull
  48   1              P2 &= ~(1<<4);       // P2.4 mis à zéro
  49   1      // drapeau INT6 P6.4        
  50   1              P74OUT |= (1<<5);   // P6.4 à P6.7 en PP       
  51   1              P6 &= ~(1<<4);       // P6.4 mis à zéro
  52   1      // drapeau INT Timer2  P3.5       
  53   1              P3MDOUT |= (1<<5);  // P3.5 en Push Pull
  54   1              P3 &= ~(1<<5);       // 3.5 mis à zéro
C51 COMPILER V9.60.0.0   TP6_BSE_LIB_CONFIG_GLOBALE                                        12/20/2022 12:00:22 PAGE 2   

  55   1      // drapeau INT Timer4  P3.4
  56   1              P3MDOUT |= (1<<4);  // P3.4 en Push Pull
  57   1              P3 &= ~(1<<4);       // 3.4 mis à zéro
  58   1      // Config sortie SYSCLK
  59   1              P1MDOUT |= (1<<0);  // P1.0 en PP pour SYSCLOCK
  60   1      // Gestion SIG_OUT  P3.3
  61   1           P3MDOUT |= (1<<3);  // P3.3 en Push Pull
  62   1           P3 &= ~(1<<3);       // 3.3 mis à zéro
  63   1      //Config  P2.5 et P2.5 entrée config comptage d'évènements
  64   1           P2MDOUT &= ~((1<<5)|(1<<6)); // P2.5 et P2.6 ou OpenDrain
  65   1           P2 |= ((1<<5)|(1<<6)); // P2.5 et P2.6 en entrée
  66   1      // Config T4 - P0.6
  67   1           P0MDOUT &= ~(1<<6);  // P0.6 en Open Drain
  68   1           P0 |= (1<<6);       // 0.6 mis à un
  69   1      
  70   1      }
  71          //******************************************************************************
  72          // Config oscillateur pour étape2
  73          void Oscillator_Init_Osc_Quartz(void)
  74          {
  75   1          int i = 0;
  76   1          OSCXCN    = 0x67;
  77   1          for (i = 0; i < 3000; i++);  // Wait 1ms for initialization
  78   1          while ((OSCXCN & 0x80) == 0);
  79   1          OSCICN    = 0x08;
  80   1      }
  81          
  82          
  83          //-----------------------------------------------------------------------------
  84          // Initialisation globale du Microcontrôleur - 
  85          //-----------------------------------------------------------------------------
  86          void Init_Device(void)
  87          {
  88   1          Reset_Sources_Init();
  89   1          Port_IO_Init();
  90   1          Oscillator_Init_Osc_Quartz();
  91   1      }
  92          
  93          
  94          


MODULE INFORMATION:   STATIC OVERLAYABLE
   CODE SIZE        =    134    ----
   CONSTANT SIZE    =   ----    ----
   XDATA SIZE       =   ----    ----
   PDATA SIZE       =   ----    ----
   DATA SIZE        =      2    ----
   IDATA SIZE       =   ----    ----
   BIT SIZE         =   ----    ----
END OF MODULE INFORMATION.


C51 COMPILATION COMPLETE.  0 WARNING(S),  0 ERROR(S)
